Alphabetic
Case_Ignorable
Cased
Changes_When_Casefolded
Changes_When_Casemapped
Changes_When_Lowercased
Changes_When_Titlecased
Changes_When_Uppercased
Default_Ignorable_Code_Point
Grapheme_Base
Grapheme_Extend
Grapheme_Link
ID_Continue
ID_Start
InCB_Consonant
InCB_Extend
InCB_Linker
Lowercase
Math
Uppercase
XID_Continue
XID_Start
